[Erreur EOPEN] Le fichier nâ€™a pas pu etre ouvert