[Erreur EMISSIN] Le nom du fichier est absent (usage : analog [options] nomdufichier)