[Erreur EMISSHOUR] L’heure de début du créneau est manquante