[Erreur EIMPWRITE] Lâ€™ecriture dans le fichier sortie.txt est impossible