Dot-file sortie.dot generated
Warning : only hits between 11h and 12h have been taken into account
/page1.html (1 hits)
/page2.html (1 hits)